// Jest Snapshot v1, https://goo.gl/fbAQLP

exports[`empty Actions 1`] = `
"
/* empty */

      ↓ ↓ ↓ ↓ ↓ ↓

/* empty */
export type Action = ;

/***** Do not edit below this line *****/
export const enum Actions {}
"
`;

exports[`usePrefix: false 1`] = `
"
export type Action = Foo

      ↓ ↓ ↓ ↓ ↓ ↓

export type Action = Foo;

export interface Foo {
  type: Actions.Foo;
}

/***** Do not edit below this line *****/
export const enum Actions {
  Foo = \\"Foo\\",
}
"
`;
