// Jest Snapshot v1, https://goo.gl/fbAQLP

exports[`usePrefix: false 1`] = `
"
import External from 'external';
export type Action = Hoge | Fuga;

export interface Hoge {
  type: Actions.Hoge;
  key: number;
  data: External;
}
export interface Fuga {
  type: Actions.Fuga;
}

/***** Do not edit below this line *****/
export const enum Actions {
  Hoge = 'containers/Hoge',
  Fuga = 'containers/Fuga',
}

      ↓ ↓ ↓ ↓ ↓ ↓

/***** Do not edit this file *****/
import External from 'external';
import { Actions, Hoge, Fuga } from \\"./actionTypes\\";
export function hoge(key: number, data: External) {
  return {
    type: Actions.Hoge,
    key,
    data
  };
}
export function fuga() {
  return {
    type: Actions.Fuga
  };
}
"
`;
